==================================== INPUT ====================================
# expected-to-throw
fragment TestFragment on Node {
    ... on Feedback {
        actor {
            name
        }
    }
    ... on Comment {
        actor: actors {
            name
        }
    }
}
==================================== ERROR ====================================
✖︎ Field 'actor' is ambiguous because it references fields with different types: 'actor' with type 'Actor' and 'actors' with type '[Actor]'

  same-alias-list-non-list.graphql:4:9
    3 │     ... on Feedback {
    4 │         actor {
      │         ^^^^^
    5 │             name

  ℹ︎ the other field

  same-alias-list-non-list.graphql:9:16
    8 │     ... on Comment {
    9 │         actor: actors {
      │                ^^^^^^
   10 │             name
