==================================== INPUT ====================================
query NodeQuery($id: ID!) {
  node(id: $id) {
    id
    ... on Story {
      comments(first: 10) @connection(key: "NodeQuery_comments") {
        edges {
          node {
            actor {
              name
              friends(first: 10) @connection(key: "NodeQuery_friends") {
                edges {
                  node {
                    name
                  }
                }
              }
            }
          }
        }
      }
    }
  }
}
==================================== OUTPUT ===================================
query NodeQuery(
  $id: ID!
) @__ConnectionMetadataDirective {
  node(id: $id) {
    id
    ... on Story {
      comments(first: 10) @__clientField(key: "NodeQuery_comments", handle: "connection", filters: null, dynamicKey_UNSTABLE: null) {
        edges {
          node {
            actor {
              name
              friends(first: 10) @__clientField(key: "NodeQuery_friends", handle: "connection", filters: null, dynamicKey_UNSTABLE: null) {
                edges {
                  node {
                    name
                  }
                  ... on FriendsEdge {
                    cursor
                    node {
                      __typename
                    }
                  }
                }
                pageInfo {
                  ... on PageInfo {
                    endCursor
                    hasNextPage
                  }
                }
              }
            }
          }
          ... on CommentsEdge {
            cursor
            node {
              __typename
            }
          }
        }
        pageInfo {
          ... on PageInfo {
            endCursor
            hasNextPage
          }
        }
      }
    }
  }
}
