==================================== INPUT ====================================
fragment Foo on User {
  ... @alias(as: "named_fragment") {
    name
  }
}
==================================== OUTPUT ===================================
import type { FragmentType } from "relay-runtime";
declare export opaque type Foo$fragmentType: FragmentType;
export type Foo$data = {|
  +named_fragment: ?{|
    +name: ?string,
  |},
  +$fragmentType: Foo$fragmentType,
|};
export type Foo$key = {
  +$data?: Foo$data,
  +$fragmentSpreads: Foo$fragmentType,
  ...
};
