==================================== INPUT ====================================
query RelayReaderNamedFragmentsTest2Query {
  me {
    id
    ... @alias(as: "named_fragment") {
      name
    }
  }
}
==================================== OUTPUT ===================================
query RelayReaderNamedFragmentsTest2Query {
  me {
    id
    ... @__FragmentAliasMetadata
    # FragmentAliasMetadata {
    #     alias: WithLocation {
    #         location: aliased_inline_fragment_without_type_condition.graphql:73:75,
    #         item: "named_fragment",
    #     },
    #     type_condition: None,
    #     selection_type: Object(68),
    # }
     {
      name
    }
  }
}
