==================================== INPUT ====================================
fragment RefetchableFragment on Node
  @refetchable(queryName: "RefetchableFragmentQuery") {
  id
  fragAndField: profilePicture {
    uri
  }
}
==================================== OUTPUT ===================================
import { FragmentRefs } from "relay-runtime";
export type RefetchableFragmentQuery$variables = {
  id: string;
};
export type RefetchableFragmentQuery$data = {
  readonly node: {
    readonly " $fragmentSpreads": FragmentRefs<"RefetchableFragment">;
  } | null;
};
-------------------------------------------------------------------------------
import { FragmentRefs } from "relay-runtime";
export type RefetchableFragment$data = {
  readonly id: string;
  readonly fragAndField: {
    readonly uri: string | null;
  } | null;
  readonly " $fragmentType": "RefetchableFragment";
};
export type RefetchableFragment$key = {
  readonly " $data"?: RefetchableFragment$data;
  readonly " $fragmentSpreads": FragmentRefs<"RefetchableFragment">;
};
