==================================== INPUT ====================================
query FooQuery {
  me @required(action: LOG) {
    firstName
    lastName @required(action: LOG)
  }
}
==================================== OUTPUT ===================================
export type FooQuery$variables = {};
export type FooQuery$data = {
  readonly me: {
    readonly firstName: string | null;
    readonly lastName: string;
  };
} | null;
