==================================== INPUT ====================================
fragment SingleFragment on User
  @argumentDefinitions(profilePictureScale: {type: "[Int]", provider: "profilePictureScaleProvider"})
{
    profilePicture(size: $profilePictureScale) {
        uri
    }
}
==================================== OUTPUT ===================================
fragment SingleFragment on User {
  profilePicture(size: $__pv__profilePictureScaleProvider) {
    uri
  }
}
