==================================== INPUT ====================================
query clientFieldsOverlappingErrorQuery {
  client_field(arg: "Value1")
  client_field(arg: "Value2")
}

# %extensions%

extend type Query {
  client_field(arg: String): String
}
==================================== OUTPUT ===================================
{
  "fragment": {
    "argumentDefinitions": [],
    "kind": "Fragment",
    "metadata": null,
    "name": "clientFieldsOverlappingErrorQuery",
    "selections": [
      {
        "kind": "ClientExtension",
        "selections": [
          {
            "alias": null,
            "args": [
              {
                "kind": "Literal",
                "name": "arg",
                "value": "Value1"
              }
            ],
            "kind": "ScalarField",
            "name": "client_field",
            "storageKey": "client_field(arg:\"Value1\")"
          }
        ]
      }
    ],
    "type": "Query",
    "abstractKey": null
  },
  "kind": "Request",
  "operation": {
    "argumentDefinitions": [],
    "kind": "Operation",
    "name": "clientFieldsOverlappingErrorQuery",
    "selections": [
      {
        "kind": "ClientExtension",
        "selections": [
          {
            "alias": null,
            "args": [
              {
                "kind": "Literal",
                "name": "arg",
                "value": "Value1"
              }
            ],
            "kind": "ScalarField",
            "name": "client_field",
            "storageKey": "client_field(arg:\"Value1\")"
          }
        ]
      }
    ]
  },
  "params": {
    "cacheID": "94883f2a9cbd52c2f01b84f026506e89",
    "id": null,
    "metadata": {},
    "name": "clientFieldsOverlappingErrorQuery",
    "operationKind": "query",
    "text": null
  }
}

QUERY:

Query Text is Empty.
