==================================== INPUT ====================================
# expected-to-throw

fragment relayResolverWithRequiredClientEdge_best_friend_resolver on User {
  actor_key
}

query relayResolverWithRequiredClientEdgeQuery {
  me {
    best_friend @waterfall @required(action: THROW) {
      name
    }
  }
}

# %extensions%

extend type User {
  best_friend: User
    @relay_resolver(
      fragment_name: "relayResolverWithRequiredClientEdge_best_friend_resolver"
      import_path: "./foo/bar/baz/BestFriendResolver.js"
    )
}
==================================== ERROR ====================================
✖︎ Unexpected directive on Client Edge field. The `@required` directive is not currently supported on fields backed by Client Edges.

  relay-resolver-with-required-client-edge.graphql:9:28
    8 │   me {
    9 │     best_friend @waterfall @required(action: THROW) {
      │                            ^^^^^^^^^
   10 │       name
