==================================== INPUT ====================================
query updatableFragmentSpreadWithDeferQuery {
  me {
    ...updatableFragmentSpreadWithDefer_user @defer
  }
}

fragment updatableFragmentSpreadWithDefer_user on User @updatable {
  firstName
}
==================================== OUTPUT ===================================
{
  "fragment": {
    "argumentDefinitions": [],
    "kind": "Fragment",
    "metadata": null,
    "name": "updatableFragmentSpreadWithDeferQuery",
    "selections": [
      {
        "alias": null,
        "args": null,
        "concreteType": "User",
        "kind": "LinkedField",
        "name": "me",
        "plural": false,
        "selections": [
          {
            "kind": "Defer",
            "selections": [
              {
                "args": null,
                "kind": "FragmentSpread",
                "name": "updatableFragmentSpreadWithDefer_user"
              }
            ]
          }
        ],
        "storageKey": null
      }
    ],
    "type": "Query",
    "abstractKey": null
  },
  "kind": "Request",
  "operation": {
    "argumentDefinitions": [],
    "kind": "Operation",
    "name": "updatableFragmentSpreadWithDeferQuery",
    "selections": [
      {
        "alias": null,
        "args": null,
        "concreteType": "User",
        "kind": "LinkedField",
        "name": "me",
        "plural": false,
        "selections": [
          {
            "if": null,
            "kind": "Defer",
            "label": "updatableFragmentSpreadWithDeferQuery$defer$updatableFragmentSpreadWithDefer_user",
            "selections": [
              {
                "alias": null,
                "args": null,
                "kind": "ScalarField",
                "name": "firstName",
                "storageKey": null
              }
            ]
          },
          {
            "alias": null,
            "args": null,
            "kind": "ScalarField",
            "name": "id",
            "storageKey": null
          }
        ],
        "storageKey": null
      }
    ]
  },
  "params": {
    "id": null,
    "metadata": {},
    "name": "updatableFragmentSpreadWithDeferQuery",
    "operationKind": "query",
    "text": null
  }
}

QUERY:

query updatableFragmentSpreadWithDeferQuery {
  me {
    ...updatableFragmentSpreadWithDefer_user @defer(label: "updatableFragmentSpreadWithDeferQuery$defer$updatableFragmentSpreadWithDefer_user")
    id
  }
}

fragment updatableFragmentSpreadWithDefer_user on User {
  firstName
}


{
  "argumentDefinitions": [],
  "kind": "Fragment",
  "metadata": null,
  "name": "updatableFragmentSpreadWithDefer_user",
  "selections": [
    {
      "alias": null,
      "args": null,
      "kind": "ScalarField",
      "name": "firstName",
      "storageKey": null
    }
  ],
  "type": "User",
  "abstractKey": null
}
