==================================== INPUT ====================================
query updatableFragmentSpreadWithIncludeQuery($if: Boolean!) {
  me {
    ...updatableFragmentSpreadWithInclude_user @include(if: $if)
  }
}

fragment updatableFragmentSpreadWithInclude_user on User @updatable {
  firstName
}
==================================== OUTPUT ===================================
{
  "fragment": {
    "argumentDefinitions": [
      {
        "defaultValue": null,
        "kind": "LocalArgument",
        "name": "if"
      }
    ],
    "kind": "Fragment",
    "metadata": null,
    "name": "updatableFragmentSpreadWithIncludeQuery",
    "selections": [
      {
        "alias": null,
        "args": null,
        "concreteType": "User",
        "kind": "LinkedField",
        "name": "me",
        "plural": false,
        "selections": [
          {
            "condition": "if",
            "kind": "Condition",
            "passingValue": true,
            "selections": [
              {
                "args": null,
                "kind": "FragmentSpread",
                "name": "updatableFragmentSpreadWithInclude_user"
              }
            ]
          }
        ],
        "storageKey": null
      }
    ],
    "type": "Query",
    "abstractKey": null
  },
  "kind": "Request",
  "operation": {
    "argumentDefinitions": [
      {
        "defaultValue": null,
        "kind": "LocalArgument",
        "name": "if"
      }
    ],
    "kind": "Operation",
    "name": "updatableFragmentSpreadWithIncludeQuery",
    "selections": [
      {
        "alias": null,
        "args": null,
        "concreteType": "User",
        "kind": "LinkedField",
        "name": "me",
        "plural": false,
        "selections": [
          {
            "condition": "if",
            "kind": "Condition",
            "passingValue": true,
            "selections": [
              {
                "alias": null,
                "args": null,
                "kind": "ScalarField",
                "name": "firstName",
                "storageKey": null
              }
            ]
          },
          {
            "alias": null,
            "args": null,
            "kind": "ScalarField",
            "name": "id",
            "storageKey": null
          }
        ],
        "storageKey": null
      }
    ]
  },
  "params": {
    "id": null,
    "metadata": {},
    "name": "updatableFragmentSpreadWithIncludeQuery",
    "operationKind": "query",
    "text": null
  }
}

QUERY:

query updatableFragmentSpreadWithIncludeQuery(
  $if: Boolean!
) {
  me {
    ...updatableFragmentSpreadWithInclude_user @include(if: $if)
    id
  }
}

fragment updatableFragmentSpreadWithInclude_user on User {
  firstName
}


{
  "argumentDefinitions": [],
  "kind": "Fragment",
  "metadata": null,
  "name": "updatableFragmentSpreadWithInclude_user",
  "selections": [
    {
      "alias": null,
      "args": null,
      "kind": "ScalarField",
      "name": "firstName",
      "storageKey": null
    }
  ],
  "type": "User",
  "abstractKey": null
}
