==================================== INPUT ====================================
fragment Foo on Node {
    ... on MaybeNodeInterface @alias(as: "named_fragment") {
        name @required(action: NONE)
    }
    name
}
==================================== OUTPUT ===================================
fragment Foo on Node @__childrenCanBubbleNull {
  ... on MaybeNodeInterface @__FragmentAliasMetadata
  # FragmentAliasMetadata {
  #     alias: WithLocation {
  #         location: conflicting-required-status-across-aliased-inline-fragments.graphql:60:62,
  #         item: "named_fragment",
  #     },
  #     type_condition: Some(
  #         Interface(0),
  #     ),
  # }
   {
    name @required(action: NONE) @__RequiredMetadataDirective
    # RequiredMetadataDirective {
    #     action: None,
    #     path: "named_fragment.name",
    # }
    
  }
  name
}
