==================================== INPUT ====================================
/**
 * Copyright (c) Meta Platforms, Inc. and affiliates.
 *
 * This source code is licensed under the MIT license found in the
 * LICENSE file in the root directory of this source tree.
 */

/**
 * @RelayResolver
 *
 * expected-to-throw
 */
==================================== ERROR ====================================
✖︎ This feature is not implemented yet.

  <generated>:1:1
    1 │ /**
      │ ^
    2 │  * Copyright (c) Meta Platforms, Inc. and affiliates.
