==================================== INPUT ====================================
fragment Foo_user on User {
  ... @skip(if: $some_var) {
    best_friend {
      doesViewerLike
    }
  }
  ... @include(if: $some_var) {
    best_friend {
      name
    }
  }
}

fragment BestFriendResolverFragment_name on User {
  __typename
}

# %extensions%

extend type User {
  best_friend: User @relay_resolver(fragment_name: "BestFriendResolverFragment_name", import_path: "BestFriendResolver")
}
==================================== OUTPUT ===================================
fragment BestFriendResolverFragment_name on User {
  __typename
}

fragment Foo_user on User {
  ... @skip(if: $some_var) {
    best_friend @__clientEdge(queryName: "ClientEdgeQuery_Foo_user_best_friend") {
      doesViewerLike
    }
  }
  ... @include(if: $some_var) {
    best_friend @__clientEdge(queryName: "ClientEdgeQuery_Foo_user_best_friend_1") {
      name
    }
  }
}

fragment RefetchableClientEdgeQuery_Foo_user_best_friend on User @__refetchableMetadata(__refetchableMetadata: ["ClientEdgeQuery_Foo_user_best_friend", ["node"], "id"]) {
  doesViewerLike
  id
}

fragment RefetchableClientEdgeQuery_Foo_user_best_friend_1 on User @__refetchableMetadata(__refetchableMetadata: ["ClientEdgeQuery_Foo_user_best_friend_1", ["node"], "id"]) {
  name
  id
}

query ClientEdgeQuery_Foo_user_best_friend(
  $id: ID!
) @__clientEdgeQuery {
  node(id: $id) {
    ...RefetchableClientEdgeQuery_Foo_user_best_friend
  }
}

query ClientEdgeQuery_Foo_user_best_friend_1(
  $id: ID!
) @__clientEdgeQuery {
  node(id: $id) {
    ...RefetchableClientEdgeQuery_Foo_user_best_friend_1
  }
}
