==================================== INPUT ====================================
fragment Foo_user on User {
  hobbit_name
}

fragment PopStarNameResolverFragment_name on User {
  name
  address {
    street
  }
  parents {
    lastName
  }
}

fragment HobbitNameResolverFragment_name on User {
  name
  pop_star_name
}

# %extensions%

extend type User {
  pop_star_name: String @relay_resolver(fragment_name: "PopStarNameResolverFragment_name", import_path: "PopStarNameResolver", js_return_type: "string")
  hobbit_name: String @relay_resolver(fragment_name: "HobbitNameResolverFragment_name", import_path: "HobbitNameResolver", js_return_type: "string")
}
==================================== OUTPUT ===================================
fragment Foo_user on User {
  ...HobbitNameResolverFragment_name @__relayResolver(js_return_type: "string", import_path: "HobbitNameResolver", field_name: "hobbit_name")
}

fragment HobbitNameResolverFragment_name on User {
  name
  ...PopStarNameResolverFragment_name @__relayResolver(js_return_type: "string", import_path: "PopStarNameResolver", field_name: "pop_star_name")
}

fragment PopStarNameResolverFragment_name on User {
  name
  address {
    street
  }
  parents {
    lastName
  }
}
