==================================== INPUT ====================================
# expected-to-throw
query TestQuery($skip: Boolean!) {
  node(id: "4") {
    ... on User {
      __typename
      ...Assignable_user
    }
  }
}

fragment Assignable_user on User @assignable {
  __typename
}
==================================== ERROR ====================================
✖︎ Assignable fragments cannot appear within inline fragments

  assignable-fragment-spread-within-inline-fragment.invalid.graphql:6:10
    5 │       __typename
    6 │       ...Assignable_user
      │          ^^^^^^^^^^^^^^^
    7 │     }
