==================================== INPUT ====================================
query TestQuery1($id: ID!) {
  node(id: $id) {
    id
    ...TestFragment
  }
}
query TestQuery2($id: ID!) {
  node(id: $id) {
    ...TestFragment
  }
}

fragment TestFragment on User
  @argumentDefinitions(foo_gk: {type: "Boolean!", provider: "fooGKProvider"})
{
    name @include(if: $foo_gk)
}
==================================== OUTPUT ===================================
query TestQuery1(
  $id: ID!
  $__TestFragment__foo_gk: Boolean! @__ProvidedVariableMetadata
  # ProvidedVariableMetadata {
  #     module_name: "fooGKProvider",
  # }
  
) {
  node(id: $id) {
    id
    ...TestFragment
  }
}

query TestQuery2(
  $id: ID!
  $__TestFragment__foo_gk: Boolean! @__ProvidedVariableMetadata
  # ProvidedVariableMetadata {
  #     module_name: "fooGKProvider",
  # }
  
) {
  node(id: $id) {
    ...TestFragment
  }
}

fragment TestFragment on User {
  name @include(if: $__TestFragment__foo_gk)
}
